

Nothing to compile
